// Jest Snapshot v1, https://goo.gl/fbAQLP

exports[`<MenuBar /> should correctly render MenuBar Component 1`] = `ShallowWrapper {}`;
